// Jest Snapshot v1, https://goo.gl/fbAQLP

exports[`renders counter element make a snapshot should be ok 1`] = `
<div>
  <div>
    <button
      aria-label="Decrement value"
      onClick={[Function]}
      type="button"
    >
      -
    </button>
    <span
      data-testid="counter"
    >
      0
    </span>
    <button
      aria-label="Increment value"
      data-testid="btn-increment-value"
      onClick={[Function]}
      type="button"
    >
      +
    </button>
  </div>
  <div>
    <input
      aria-label="Set increment amount"
      data-testid="input-increment-custom-value"
      onChange={[Function]}
      value="2"
    />
    <button
      data-testid="btn-increment-custom-value"
      onClick={[Function]}
      type="button"
    >
      Add Amount
    </button>
    <button
      onClick={[Function]}
      type="button"
    >
      Add Async
    </button>
    <button
      onClick={[Function]}
      type="button"
    >
      Add If Odd
    </button>
    <button
      data-testid="btn-reset-value"
      onClick={[Function]}
      type="button"
    >
      Reset counter
    </button>
  </div>
</div>
`;
